// Jest Snapshot v1, https://goo.gl/fbAQLP

exports[`should render ExpenseListItem with fixture data 1`] = `
<div>
  <Link
    replace={false}
    to="/edit/1"
  >
    <h3>
      Description: 
      oi
    </h3>
  </Link>
  <p>
    Amount: 
    $5.00
    - CreatedAt: 
    December 31st, 1969
  </p>
</div>
`;
